Archive member included to satisfy reference by file (symbol)

c:/program files (x86)/atmel/studio/7.0/toolchain/avr8/avr8-gnu-toolchain/bin/../lib/gcc/avr/5.4.0/avr5\libgcc.a(_exit.o)
                              C:/Program Files (x86)/Atmel/Studio/7.0/Packs/atmel/ATmega_DFP/1.7.374/gcc/dev/atmega32/avr5/crtatmega32.o (exit)
c:/program files (x86)/atmel/studio/7.0/toolchain/avr8/avr8-gnu-toolchain/bin/../lib/gcc/avr/5.4.0/avr5\libgcc.a(_copy_data.o)
                              Application Layer/Application.o (__do_copy_data)
c:/program files (x86)/atmel/studio/7.0/toolchain/avr8/avr8-gnu-toolchain/bin/../lib/gcc/avr/5.4.0/avr5\libgcc.a(_clear_bss.o)
                              Microcontroller Abstraction Layer/External_Interrupts/External_interrupt.o (__do_clear_bss)

Discarded input sections

 .data          0x00000000        0x0 C:/Program Files (x86)/Atmel/Studio/7.0/Packs/atmel/ATmega_DFP/1.7.374/gcc/dev/atmega32/avr5/crtatmega32.o
 .bss           0x00000000        0x0 C:/Program Files (x86)/Atmel/Studio/7.0/Packs/atmel/ATmega_DFP/1.7.374/gcc/dev/atmega32/avr5/crtatmega32.o
 .text          0x00000000        0x0 Application Layer/Application.o
 .data          0x00000000        0x0 Application Layer/Application.o
 .bss           0x00000000        0x0 Application Layer/Application.o
 .text          0x00000000        0x0 Hardware Abstraction Layer/led.o
 .data          0x00000000        0x0 Hardware Abstraction Layer/led.o
 .bss           0x00000000        0x0 Hardware Abstraction Layer/led.o
 .text.LED_blink
                0x00000000        0xc Hardware Abstraction Layer/led.o
 .text          0x00000000        0x0 main.o
 .data          0x00000000        0x0 main.o
 .bss           0x00000000        0x0 main.o
 .text          0x00000000        0x0 Microcontroller Abstraction Layer/External_Interrupts/External_interrupt.o
 .data          0x00000000        0x0 Microcontroller Abstraction Layer/External_Interrupts/External_interrupt.o
 .bss           0x00000000        0x0 Microcontroller Abstraction Layer/External_Interrupts/External_interrupt.o
 .text.ExternalInterrupt_reset
                0x00000000       0x36 Microcontroller Abstraction Layer/External_Interrupts/External_interrupt.o
 .text          0x00000000        0x0 Microcontroller Abstraction Layer/gpio/gpio.o
 .data          0x00000000        0x0 Microcontroller Abstraction Layer/gpio/gpio.o
 .bss           0x00000000        0x0 Microcontroller Abstraction Layer/gpio/gpio.o
 .text.GPIO_toggle
                0x00000000       0x7e Microcontroller Abstraction Layer/gpio/gpio.o
 .text.GPIO_read
                0x00000000       0xc8 Microcontroller Abstraction Layer/gpio/gpio.o
 .text.GPIO_setPortDirection
                0x00000000        0x2 Microcontroller Abstraction Layer/gpio/gpio.o
 .text.GPIO_writePort
                0x00000000        0x2 Microcontroller Abstraction Layer/gpio/gpio.o
 .text.GPIO_readPort
                0x00000000        0x2 Microcontroller Abstraction Layer/gpio/gpio.o
 .text          0x00000000        0x0 Microcontroller Abstraction Layer/Timer/timer.o
 .data          0x00000000        0x0 Microcontroller Abstraction Layer/Timer/timer.o
 .bss           0x00000000        0x0 Microcontroller Abstraction Layer/Timer/timer.o
 .debug_line    0x00000000        0x0 Microcontroller Abstraction Layer/Timer/timer.o
 .debug_str     0x00000000      0x131 Microcontroller Abstraction Layer/Timer/timer.o
 .comment       0x00000000       0x31 Microcontroller Abstraction Layer/Timer/timer.o
 .text          0x00000000        0x0 c:/program files (x86)/atmel/studio/7.0/toolchain/avr8/avr8-gnu-toolchain/bin/../lib/gcc/avr/5.4.0/avr5\libgcc.a(_exit.o)
 .data          0x00000000        0x0 c:/program files (x86)/atmel/studio/7.0/toolchain/avr8/avr8-gnu-toolchain/bin/../lib/gcc/avr/5.4.0/avr5\libgcc.a(_exit.o)
 .bss           0x00000000        0x0 c:/program files (x86)/atmel/studio/7.0/toolchain/avr8/avr8-gnu-toolchain/bin/../lib/gcc/avr/5.4.0/avr5\libgcc.a(_exit.o)
 .text.libgcc.mul
                0x00000000        0x0 c:/program files (x86)/atmel/studio/7.0/toolchain/avr8/avr8-gnu-toolchain/bin/../lib/gcc/avr/5.4.0/avr5\libgcc.a(_exit.o)
 .text.libgcc.div
                0x00000000        0x0 c:/program files (x86)/atmel/studio/7.0/toolchain/avr8/avr8-gnu-toolchain/bin/../lib/gcc/avr/5.4.0/avr5\libgcc.a(_exit.o)
 .text.libgcc   0x00000000        0x0 c:/program files (x86)/atmel/studio/7.0/toolchain/avr8/avr8-gnu-toolchain/bin/../lib/gcc/avr/5.4.0/avr5\libgcc.a(_exit.o)
 .text.libgcc.prologue
                0x00000000        0x0 c:/program files (x86)/atmel/studio/7.0/toolchain/avr8/avr8-gnu-toolchain/bin/../lib/gcc/avr/5.4.0/avr5\libgcc.a(_exit.o)
 .text.libgcc.builtins
                0x00000000        0x0 c:/program files (x86)/atmel/studio/7.0/toolchain/avr8/avr8-gnu-toolchain/bin/../lib/gcc/avr/5.4.0/avr5\libgcc.a(_exit.o)
 .text.libgcc.fmul
                0x00000000        0x0 c:/program files (x86)/atmel/studio/7.0/toolchain/avr8/avr8-gnu-toolchain/bin/../lib/gcc/avr/5.4.0/avr5\libgcc.a(_exit.o)
 .text.libgcc.fixed
                0x00000000        0x0 c:/program files (x86)/atmel/studio/7.0/toolchain/avr8/avr8-gnu-toolchain/bin/../lib/gcc/avr/5.4.0/avr5\libgcc.a(_exit.o)
 .text          0x00000000        0x0 c:/program files (x86)/atmel/studio/7.0/toolchain/avr8/avr8-gnu-toolchain/bin/../lib/gcc/avr/5.4.0/avr5\libgcc.a(_copy_data.o)
 .data          0x00000000        0x0 c:/program files (x86)/atmel/studio/7.0/toolchain/avr8/avr8-gnu-toolchain/bin/../lib/gcc/avr/5.4.0/avr5\libgcc.a(_copy_data.o)
 .bss           0x00000000        0x0 c:/program files (x86)/atmel/studio/7.0/toolchain/avr8/avr8-gnu-toolchain/bin/../lib/gcc/avr/5.4.0/avr5\libgcc.a(_copy_data.o)
 .text.libgcc.mul
                0x00000000        0x0 c:/program files (x86)/atmel/studio/7.0/toolchain/avr8/avr8-gnu-toolchain/bin/../lib/gcc/avr/5.4.0/avr5\libgcc.a(_copy_data.o)
 .text.libgcc.div
                0x00000000        0x0 c:/program files (x86)/atmel/studio/7.0/toolchain/avr8/avr8-gnu-toolchain/bin/../lib/gcc/avr/5.4.0/avr5\libgcc.a(_copy_data.o)
 .text.libgcc   0x00000000        0x0 c:/program files (x86)/atmel/studio/7.0/toolchain/avr8/avr8-gnu-toolchain/bin/../lib/gcc/avr/5.4.0/avr5\libgcc.a(_copy_data.o)
 .text.libgcc.prologue
                0x00000000        0x0 c:/program files (x86)/atmel/studio/7.0/toolchain/avr8/avr8-gnu-toolchain/bin/../lib/gcc/avr/5.4.0/avr5\libgcc.a(_copy_data.o)
 .text.libgcc.builtins
                0x00000000        0x0 c:/program files (x86)/atmel/studio/7.0/toolchain/avr8/avr8-gnu-toolchain/bin/../lib/gcc/avr/5.4.0/avr5\libgcc.a(_copy_data.o)
 .text.libgcc.fmul
                0x00000000        0x0 c:/program files (x86)/atmel/studio/7.0/toolchain/avr8/avr8-gnu-toolchain/bin/../lib/gcc/avr/5.4.0/avr5\libgcc.a(_copy_data.o)
 .text.libgcc.fixed
                0x00000000        0x0 c:/program files (x86)/atmel/studio/7.0/toolchain/avr8/avr8-gnu-toolchain/bin/../lib/gcc/avr/5.4.0/avr5\libgcc.a(_copy_data.o)
 .text          0x00000000        0x0 c:/program files (x86)/atmel/studio/7.0/toolchain/avr8/avr8-gnu-toolchain/bin/../lib/gcc/avr/5.4.0/avr5\libgcc.a(_clear_bss.o)
 .data          0x00000000        0x0 c:/program files (x86)/atmel/studio/7.0/toolchain/avr8/avr8-gnu-toolchain/bin/../lib/gcc/avr/5.4.0/avr5\libgcc.a(_clear_bss.o)
 .bss           0x00000000        0x0 c:/program files (x86)/atmel/studio/7.0/toolchain/avr8/avr8-gnu-toolchain/bin/../lib/gcc/avr/5.4.0/avr5\libgcc.a(_clear_bss.o)
 .text.libgcc.mul
                0x00000000        0x0 c:/program files (x86)/atmel/studio/7.0/toolchain/avr8/avr8-gnu-toolchain/bin/../lib/gcc/avr/5.4.0/avr5\libgcc.a(_clear_bss.o)
 .text.libgcc.div
                0x00000000        0x0 c:/program files (x86)/atmel/studio/7.0/toolchain/avr8/avr8-gnu-toolchain/bin/../lib/gcc/avr/5.4.0/avr5\libgcc.a(_clear_bss.o)
 .text.libgcc   0x00000000        0x0 c:/program files (x86)/atmel/studio/7.0/toolchain/avr8/avr8-gnu-toolchain/bin/../lib/gcc/avr/5.4.0/avr5\libgcc.a(_clear_bss.o)
 .text.libgcc.prologue
                0x00000000        0x0 c:/program files (x86)/atmel/studio/7.0/toolchain/avr8/avr8-gnu-toolchain/bin/../lib/gcc/avr/5.4.0/avr5\libgcc.a(_clear_bss.o)
 .text.libgcc.builtins
                0x00000000        0x0 c:/program files (x86)/atmel/studio/7.0/toolchain/avr8/avr8-gnu-toolchain/bin/../lib/gcc/avr/5.4.0/avr5\libgcc.a(_clear_bss.o)
 .text.libgcc.fmul
                0x00000000        0x0 c:/program files (x86)/atmel/studio/7.0/toolchain/avr8/avr8-gnu-toolchain/bin/../lib/gcc/avr/5.4.0/avr5\libgcc.a(_clear_bss.o)
 .text.libgcc.fixed
                0x00000000        0x0 c:/program files (x86)/atmel/studio/7.0/toolchain/avr8/avr8-gnu-toolchain/bin/../lib/gcc/avr/5.4.0/avr5\libgcc.a(_clear_bss.o)

Memory Configuration

Name             Origin             Length             Attributes
text             0x00000000         0x00008000         xr
data             0x00800060         0x00000800         rw !x
eeprom           0x00810000         0x00000400         rw !x
fuse             0x00820000         0x00000002         rw !x
lock             0x00830000         0x00000400         rw !x
signature        0x00840000         0x00000400         rw !x
user_signatures  0x00850000         0x00000400         rw !x
*default*        0x00000000         0xffffffff

Linker script and memory map

LOAD C:/Program Files (x86)/Atmel/Studio/7.0/Packs/atmel/ATmega_DFP/1.7.374/gcc/dev/atmega32/avr5/crtatmega32.o
LOAD Application Layer/Application.o
LOAD Hardware Abstraction Layer/led.o
LOAD main.o
LOAD Microcontroller Abstraction Layer/External_Interrupts/External_interrupt.o
LOAD Microcontroller Abstraction Layer/gpio/gpio.o
LOAD Microcontroller Abstraction Layer/Timer/timer.o
START GROUP
LOAD c:/program files (x86)/atmel/studio/7.0/toolchain/avr8/avr8-gnu-toolchain/bin/../lib/gcc/avr/5.4.0/../../../../avr/lib/avr5\libm.a
END GROUP
START GROUP
LOAD c:/program files (x86)/atmel/studio/7.0/toolchain/avr8/avr8-gnu-toolchain/bin/../lib/gcc/avr/5.4.0/avr5\libgcc.a
LOAD c:/program files (x86)/atmel/studio/7.0/toolchain/avr8/avr8-gnu-toolchain/bin/../lib/gcc/avr/5.4.0/../../../../avr/lib/avr5\libm.a
LOAD c:/program files (x86)/atmel/studio/7.0/toolchain/avr8/avr8-gnu-toolchain/bin/../lib/gcc/avr/5.4.0/../../../../avr/lib/avr5\libc.a
LOAD C:/Program Files (x86)/Atmel/Studio/7.0/Packs/atmel/ATmega_DFP/1.7.374/gcc/dev/atmega32/avr5\libatmega32.a
END GROUP
                0x00000000                __TEXT_REGION_ORIGIN__ = DEFINED (__TEXT_REGION_ORIGIN__)?__TEXT_REGION_ORIGIN__:0x0
                [0x00800060]                __DATA_REGION_ORIGIN__ = DEFINED (__DATA_REGION_ORIGIN__)?__DATA_REGION_ORIGIN__:0x800060
                [0x00008000]                __TEXT_REGION_LENGTH__ = DEFINED (__TEXT_REGION_LENGTH__)?__TEXT_REGION_LENGTH__:0x20000
                [0x00000800]                __DATA_REGION_LENGTH__ = DEFINED (__DATA_REGION_LENGTH__)?__DATA_REGION_LENGTH__:0xffa0
                [0x00000400]                __EEPROM_REGION_LENGTH__ = DEFINED (__EEPROM_REGION_LENGTH__)?__EEPROM_REGION_LENGTH__:0x10000
                [0x00000002]                __FUSE_REGION_LENGTH__ = DEFINED (__FUSE_REGION_LENGTH__)?__FUSE_REGION_LENGTH__:0x400
                0x00000400                __LOCK_REGION_LENGTH__ = DEFINED (__LOCK_REGION_LENGTH__)?__LOCK_REGION_LENGTH__:0x400
                0x00000400                __SIGNATURE_REGION_LENGTH__ = DEFINED (__SIGNATURE_REGION_LENGTH__)?__SIGNATURE_REGION_LENGTH__:0x400
                0x00000400                __USER_SIGNATURE_REGION_LENGTH__ = DEFINED (__USER_SIGNATURE_REGION_LENGTH__)?__USER_SIGNATURE_REGION_LENGTH__:0x400

.hash
 *(.hash)

.dynsym
 *(.dynsym)

.dynstr
 *(.dynstr)

.gnu.version
 *(.gnu.version)

.gnu.version_d
 *(.gnu.version_d)

.gnu.version_r
 *(.gnu.version_r)

.rel.init
 *(.rel.init)

.rela.init
 *(.rela.init)

.rel.text
 *(.rel.text)
 *(.rel.text.*)
 *(.rel.gnu.linkonce.t*)

.rela.text
 *(.rela.text)
 *(.rela.text.*)
 *(.rela.gnu.linkonce.t*)

.rel.fini
 *(.rel.fini)

.rela.fini
 *(.rela.fini)

.rel.rodata
 *(.rel.rodata)
 *(.rel.rodata.*)
 *(.rel.gnu.linkonce.r*)

.rela.rodata
 *(.rela.rodata)
 *(.rela.rodata.*)
 *(.rela.gnu.linkonce.r*)

.rel.data
 *(.rel.data)
 *(.rel.data.*)
 *(.rel.gnu.linkonce.d*)

.rela.data
 *(.rela.data)
 *(.rela.data.*)
 *(.rela.gnu.linkonce.d*)

.rel.ctors
 *(.rel.ctors)

.rela.ctors
 *(.rela.ctors)

.rel.dtors
 *(.rel.dtors)

.rela.dtors
 *(.rela.dtors)

.rel.got
 *(.rel.got)

.rela.got
 *(.rela.got)

.rel.bss
 *(.rel.bss)

.rela.bss
 *(.rela.bss)

.rel.plt
 *(.rel.plt)

.rela.plt
 *(.rela.plt)

.text           0x00000000      0x5a0
 *(.vectors)
 .vectors       0x00000000       0x54 C:/Program Files (x86)/Atmel/Studio/7.0/Packs/atmel/ATmega_DFP/1.7.374/gcc/dev/atmega32/avr5/crtatmega32.o
                0x00000000                __vector_default
                0x00000000                __vectors
 *(.vectors)
 *(.progmem.gcc*)
                0x00000054                . = ALIGN (0x2)
                0x00000054                __trampolines_start = .
 *(.trampolines)
 .trampolines   0x00000054        0x0 linker stubs
 *(.trampolines*)
                0x00000054                __trampolines_end = .
 *libprintf_flt.a:*(.progmem.data)
 *libc.a:*(.progmem.data)
 *(.progmem*)
                0x00000054                . = ALIGN (0x2)
 *(.jumptables)
 *(.jumptables*)
 *(.lowtext)
 *(.lowtext*)
                0x00000054                __ctors_start = .
 *(.ctors)
                0x00000054                __ctors_end = .
                0x00000054                __dtors_start = .
 *(.dtors)
                0x00000054                __dtors_end = .
 SORT(*)(.ctors)
 SORT(*)(.dtors)
 *(.init0)
 .init0         0x00000054        0x0 C:/Program Files (x86)/Atmel/Studio/7.0/Packs/atmel/ATmega_DFP/1.7.374/gcc/dev/atmega32/avr5/crtatmega32.o
                0x00000054                __init
 *(.init0)
 *(.init1)
 *(.init1)
 *(.init2)
 .init2         0x00000054        0xc C:/Program Files (x86)/Atmel/Studio/7.0/Packs/atmel/ATmega_DFP/1.7.374/gcc/dev/atmega32/avr5/crtatmega32.o
 *(.init2)
 *(.init3)
 *(.init3)
 *(.init4)
 .init4         0x00000060       0x16 c:/program files (x86)/atmel/studio/7.0/toolchain/avr8/avr8-gnu-toolchain/bin/../lib/gcc/avr/5.4.0/avr5\libgcc.a(_copy_data.o)
                0x00000060                __do_copy_data
 .init4         0x00000076       0x10 c:/program files (x86)/atmel/studio/7.0/toolchain/avr8/avr8-gnu-toolchain/bin/../lib/gcc/avr/5.4.0/avr5\libgcc.a(_clear_bss.o)
                0x00000076                __do_clear_bss
 *(.init4)
 *(.init5)
 *(.init5)
 *(.init6)
 *(.init6)
 *(.init7)
 *(.init7)
 *(.init8)
 *(.init8)
 *(.init9)
 .init9         0x00000086        0x8 C:/Program Files (x86)/Atmel/Studio/7.0/Packs/atmel/ATmega_DFP/1.7.374/gcc/dev/atmega32/avr5/crtatmega32.o
 *(.init9)
 *(.text)
 .text          0x0000008e        0x4 C:/Program Files (x86)/Atmel/Studio/7.0/Packs/atmel/ATmega_DFP/1.7.374/gcc/dev/atmega32/avr5/crtatmega32.o
                0x0000008e                __vector_12
                0x0000008e                __bad_interrupt
                0x0000008e                __vector_6
                0x0000008e                __vector_11
                0x0000008e                __vector_13
                0x0000008e                __vector_17
                0x0000008e                __vector_19
                0x0000008e                __vector_7
                0x0000008e                __vector_5
                0x0000008e                __vector_4
                0x0000008e                __vector_9
                0x0000008e                __vector_15
                0x0000008e                __vector_8
                0x0000008e                __vector_14
                0x0000008e                __vector_10
                0x0000008e                __vector_16
                0x0000008e                __vector_18
                0x0000008e                __vector_20
                0x00000092                . = ALIGN (0x2)
 *(.text.*)
 .text.APP_InterruptProcessing
                0x00000092       0x16 Application Layer/Application.o
                0x00000092                APP_InterruptProcessing
 .text.AllLedsOFF
                0x000000a8       0x32 Application Layer/Application.o
                0x000000a8                AllLedsOFF
 .text.APP_init
                0x000000da       0x66 Application Layer/Application.o
                0x000000da                APP_init
 .text.APP_flow
                0x00000140       0x8c Application Layer/Application.o
                0x00000140                APP_flow
 .text.LED_init
                0x000001cc        0xe Hardware Abstraction Layer/led.o
                0x000001cc                LED_init
 .text.LED_on   0x000001da        0xe Hardware Abstraction Layer/led.o
                0x000001da                LED_on
 .text.LED_off  0x000001e8        0xe Hardware Abstraction Layer/led.o
                0x000001e8                LED_off
 .text.main     0x000001f6        0xe main.o
                0x000001f6                main
 .text.__vector_1
                0x00000204       0x52 Microcontroller Abstraction Layer/External_Interrupts/External_interrupt.o
                0x00000204                __vector_1
 .text.__vector_2
                0x00000256       0x52 Microcontroller Abstraction Layer/External_Interrupts/External_interrupt.o
                0x00000256                __vector_2
 .text.__vector_3
                0x000002a8       0x52 Microcontroller Abstraction Layer/External_Interrupts/External_interrupt.o
                0x000002a8                __vector_3
 .text.ExternalInterrupt_init
                0x000002fa       0x7c Microcontroller Abstraction Layer/External_Interrupts/External_interrupt.o
                0x000002fa                ExternalInterrupt_init
 .text.ExternalInterrupt_setCallBack
                0x00000376        0xa Microcontroller Abstraction Layer/External_Interrupts/External_interrupt.o
                0x00000376                ExternalInterrupt_setCallBack
 .text.GPIO_init
                0x00000380      0x10e Microcontroller Abstraction Layer/gpio/gpio.o
                0x00000380                GPIO_init
 .text.GPIO_write
                0x0000048e      0x10e Microcontroller Abstraction Layer/gpio/gpio.o
                0x0000048e                GPIO_write
                0x0000059c                . = ALIGN (0x2)
 *(.fini9)
 .fini9         0x0000059c        0x0 c:/program files (x86)/atmel/studio/7.0/toolchain/avr8/avr8-gnu-toolchain/bin/../lib/gcc/avr/5.4.0/avr5\libgcc.a(_exit.o)
                0x0000059c                _exit
                0x0000059c                exit
 *(.fini9)
 *(.fini8)
 *(.fini8)
 *(.fini7)
 *(.fini7)
 *(.fini6)
 *(.fini6)
 *(.fini5)
 *(.fini5)
 *(.fini4)
 *(.fini4)
 *(.fini3)
 *(.fini3)
 *(.fini2)
 *(.fini2)
 *(.fini1)
 *(.fini1)
 *(.fini0)
 .fini0         0x0000059c        0x4 c:/program files (x86)/atmel/studio/7.0/toolchain/avr8/avr8-gnu-toolchain/bin/../lib/gcc/avr/5.4.0/avr5\libgcc.a(_exit.o)
 *(.fini0)
                0x000005a0                _etext = .

.data           0x00800060        0x2 load address 0x000005a0
                0x00800060                PROVIDE (__data_start, .)
 *(.data)
 *(.data*)
 .data.carLedState
                0x00800060        0x1 Application Layer/Application.o
                0x00800060                carLedState
 .data.trafficMode
                0x00800061        0x1 Application Layer/Application.o
                0x00800061                trafficMode
 *(.gnu.linkonce.d*)
 *(.rodata)
 *(.rodata*)
 *(.gnu.linkonce.r*)
                0x00800062                . = ALIGN (0x2)
                0x00800062                _edata = .
                0x00800062                PROVIDE (__data_end, .)

.bss            0x00800062        0x2
                0x00800062                PROVIDE (__bss_start, .)
 *(.bss)
 *(.bss*)
 .bss.CallBackPtr
                0x00800062        0x2 Microcontroller Abstraction Layer/External_Interrupts/External_interrupt.o
                0x00800062                CallBackPtr
 *(COMMON)
                0x00800064                PROVIDE (__bss_end, .)
                0x000005a0                __data_load_start = LOADADDR (.data)
                0x000005a2                __data_load_end = (__data_load_start + SIZEOF (.data))

.noinit         0x00800064        0x0
                [!provide]                PROVIDE (__noinit_start, .)
 *(.noinit*)
                [!provide]                PROVIDE (__noinit_end, .)
                0x00800064                _end = .
                [!provide]                PROVIDE (__heap_start, .)

.eeprom         0x00810000        0x0
 *(.eeprom*)
                0x00810000                __eeprom_end = .

.fuse
 *(.fuse)
 *(.lfuse)
 *(.hfuse)
 *(.efuse)

.lock
 *(.lock*)

.signature
 *(.signature*)

.user_signatures
 *(.user_signatures*)

.stab
 *(.stab)

.stabstr
 *(.stabstr)

.stab.excl
 *(.stab.excl)

.stab.exclstr
 *(.stab.exclstr)

.stab.index
 *(.stab.index)

.stab.indexstr
 *(.stab.indexstr)

.comment        0x00000000       0x30
 *(.comment)
 .comment       0x00000000       0x30 Application Layer/Application.o
                                 0x31 (size before relaxing)
 .comment       0x00000030       0x31 Hardware Abstraction Layer/led.o
 .comment       0x00000030       0x31 main.o
 .comment       0x00000030       0x31 Microcontroller Abstraction Layer/External_Interrupts/External_interrupt.o
 .comment       0x00000030       0x31 Microcontroller Abstraction Layer/gpio/gpio.o

.note.gnu.avr.deviceinfo
                0x00000000       0x3c
 .note.gnu.avr.deviceinfo
                0x00000000       0x3c C:/Program Files (x86)/Atmel/Studio/7.0/Packs/atmel/ATmega_DFP/1.7.374/gcc/dev/atmega32/avr5/crtatmega32.o

.note.gnu.build-id
 *(.note.gnu.build-id)

.debug
 *(.debug)

.line
 *(.line)

.debug_srcinfo
 *(.debug_srcinfo)

.debug_sfnames
 *(.debug_sfnames)

.debug_aranges  0x00000000      0x128
 *(.debug_aranges)
 .debug_aranges
                0x00000000       0x38 Application Layer/Application.o
 .debug_aranges
                0x00000038       0x38 Hardware Abstraction Layer/led.o
 .debug_aranges
                0x00000070       0x20 main.o
 .debug_aranges
                0x00000090       0x48 Microcontroller Abstraction Layer/External_Interrupts/External_interrupt.o
 .debug_aranges
                0x000000d8       0x50 Microcontroller Abstraction Layer/gpio/gpio.o

.debug_pubnames
 *(.debug_pubnames)

.debug_info     0x00000000     0x1157
 *(.debug_info .gnu.linkonce.wi.*)
 .debug_info    0x00000000      0x4e6 C:/Program Files (x86)/Atmel/Studio/7.0/Packs/atmel/ATmega_DFP/1.7.374/gcc/dev/atmega32/avr5/crtatmega32.o
 .debug_info    0x000004e6      0x542 Application Layer/Application.o
 .debug_info    0x00000a28      0x23b Hardware Abstraction Layer/led.o
 .debug_info    0x00000c63       0xad main.o
 .debug_info    0x00000d10      0x1e2 Microcontroller Abstraction Layer/External_Interrupts/External_interrupt.o
 .debug_info    0x00000ef2      0x265 Microcontroller Abstraction Layer/gpio/gpio.o

.debug_abbrev   0x00000000      0x8f6
 *(.debug_abbrev)
 .debug_abbrev  0x00000000      0x4a3 C:/Program Files (x86)/Atmel/Studio/7.0/Packs/atmel/ATmega_DFP/1.7.374/gcc/dev/atmega32/avr5/crtatmega32.o
 .debug_abbrev  0x000004a3      0x162 Application Layer/Application.o
 .debug_abbrev  0x00000605       0xbf Hardware Abstraction Layer/led.o
 .debug_abbrev  0x000006c4       0x65 main.o
 .debug_abbrev  0x00000729       0xde Microcontroller Abstraction Layer/External_Interrupts/External_interrupt.o
 .debug_abbrev  0x00000807       0xef Microcontroller Abstraction Layer/gpio/gpio.o

.debug_line     0x00000000      0xa0e
 *(.debug_line .debug_line.* .debug_line_end)
 .debug_line    0x00000000      0x116 C:/Program Files (x86)/Atmel/Studio/7.0/Packs/atmel/ATmega_DFP/1.7.374/gcc/dev/atmega32/avr5/crtatmega32.o
 .debug_line    0x00000116      0x279 Application Layer/Application.o
 .debug_line    0x0000038f      0x14d Hardware Abstraction Layer/led.o
 .debug_line    0x000004dc       0x73 main.o
 .debug_line    0x0000054f      0x231 Microcontroller Abstraction Layer/External_Interrupts/External_interrupt.o
 .debug_line    0x00000780      0x28e Microcontroller Abstraction Layer/gpio/gpio.o

.debug_frame    0x00000000      0x2ac
 *(.debug_frame)
 .debug_frame   0x00000000       0x64 Application Layer/Application.o
 .debug_frame   0x00000064       0x54 Hardware Abstraction Layer/led.o
 .debug_frame   0x000000b8       0x24 main.o
 .debug_frame   0x000000dc      0x14c Microcontroller Abstraction Layer/External_Interrupts/External_interrupt.o
 .debug_frame   0x00000228       0x84 Microcontroller Abstraction Layer/gpio/gpio.o

.debug_str      0x00000000      0x68f
 *(.debug_str)
 .debug_str     0x00000000      0x196 C:/Program Files (x86)/Atmel/Studio/7.0/Packs/atmel/ATmega_DFP/1.7.374/gcc/dev/atmega32/avr5/crtatmega32.o
 .debug_str     0x00000196      0x310 Application Layer/Application.o
                                0x344 (size before relaxing)
 .debug_str     0x000004a6       0x7f Hardware Abstraction Layer/led.o
                                0x213 (size before relaxing)
 .debug_str     0x00000525       0x11 main.o
                                0x188 (size before relaxing)
 .debug_str     0x00000536       0xb4 Microcontroller Abstraction Layer/External_Interrupts/External_interrupt.o
                                0x2d8 (size before relaxing)
 .debug_str     0x000005ea       0xa5 Microcontroller Abstraction Layer/gpio/gpio.o
                                0x250 (size before relaxing)

.debug_loc      0x00000000      0xb14
 *(.debug_loc)
 .debug_loc     0x00000000       0x48 Application Layer/Application.o
 .debug_loc     0x00000048      0x18c Hardware Abstraction Layer/led.o
 .debug_loc     0x000001d4      0x31c Microcontroller Abstraction Layer/External_Interrupts/External_interrupt.o
 .debug_loc     0x000004f0      0x624 Microcontroller Abstraction Layer/gpio/gpio.o

.debug_macinfo
 *(.debug_macinfo)

.debug_weaknames
 *(.debug_weaknames)

.debug_funcnames
 *(.debug_funcnames)

.debug_typenames
 *(.debug_typenames)

.debug_varnames
 *(.debug_varnames)

.debug_pubtypes
 *(.debug_pubtypes)

.debug_ranges   0x00000000       0xd8
 *(.debug_ranges)
 .debug_ranges  0x00000000       0x28 Application Layer/Application.o
 .debug_ranges  0x00000028       0x28 Hardware Abstraction Layer/led.o
 .debug_ranges  0x00000050       0x10 main.o
 .debug_ranges  0x00000060       0x38 Microcontroller Abstraction Layer/External_Interrupts/External_interrupt.o
 .debug_ranges  0x00000098       0x40 Microcontroller Abstraction Layer/gpio/gpio.o

.debug_macro
 *(.debug_macro)
OUTPUT(TrafficLightsProject.elf elf32-avr)
LOAD linker stubs
